<html>
<body>
<pre>
<h1>µVision Build Log</h1>
<h2>Tool Versions:</h2>
IDE-Version: ¦ÌVision V5.36.0.0
Copyright (C) 2021 ARM Ltd and ARM Germany GmbH. All rights reserved.
License Information: w hqwdc, w, LIC=585FJ-UQ819-74TS0-B1X5Q-UTX5Q-XS300
 
Tool Versions:
Toolchain:       MDK-ARM Plus  Version: 5.36.0.0
Toolchain Path:  D:\MDK5\ARM\ARMCC\Bin
C Compiler:      Armcc.exe V5.06 update 7 (build 960)
Assembler:       Armasm.exe V5.06 update 7 (build 960)
Linker/Locator:  ArmLink.exe V5.06 update 7 (build 960)
Library Manager: ArmAr.exe V5.06 update 7 (build 960)
Hex Converter:   FromElf.exe V5.06 update 7 (build 960)
CPU DLL:         SARMCM3.DLL V5.36.0.0
Dialog DLL:      DCM.DLL V1.17.3.0
Target DLL:      Segger\JL2CM3.dll V2.99.40.0
Dialog DLL:      TCM.DLL V1.53.0.0
 
<h2>Project:</h2>
E:\HQ\SVNdtata\wangdongchuan\IntelligentPos\CODE\MDK-ARM\CODE.uvprojx
Project File Date:  08/07/2025

<h2>Output:</h2>
*** Using Compiler 'V5.06 update 7 (build 960)', folder: 'D:\MDK5\ARM\ARMCC\Bin'
Build target 'CODE'
compiling app_RowknifeSystem.c...
..\User\app\app_RowknifeSystem.c(74): warning:  #177-D: variable "upspeed"  was declared but never referenced
      signed short upspeed=0;
..\User\app\app_RowknifeSystem.c(129): warning:  #177-D: variable "catnDeviation"  was declared but never referenced
      short catnDeviation=0;
..\User\app\app_RowknifeSystem.c(130): warning:  #177-D: variable "catnDetn_abs"  was declared but never referenced
      short catnDetn_abs=0;    
..\User\app\app_RowknifeSystem.c(132): warning:  #177-D: variable "cabtpos"  was declared but never referenced
      short cabtpos=0;
..\User\app\app_RowknifeSystem.c(133): warning:  #177-D: variable "cabtdir"  was declared but never referenced
      char  cabtdir=0; 
..\User\app\app_RowknifeSystem.c: 5 warnings, 0 errors
linking...
Program Size: Code=223796 RO-data=123540 RW-data=1832 ZI-data=600872  
FromELF: creating hex file...
After Build - User command #1: fromelf --bin -o "E:\HQ\SVNdtata\wangdongchuan\IntelligentPos\CODE\MDK-ARM\CODE\CODE.bin" "E:\HQ\SVNdtata\wangdongchuan\IntelligentPos\CODE\MDK-ARM\CODE\CODE.axf"
".\CODE\CODE.axf" - 0 Error(s), 5 Warning(s).

<h2>Software Packages used:</h2>

Package Vendor: ARM
                http://www.keil.com/pack/ARM.CMSIS.5.8.0.pack
                ARM.CMSIS.5.8.0
                CMSIS (Common Microcontroller Software Interface Standard)
   * Component: CORE Version: 5.5.0

Package Vendor: Keil
                http://www.keil.com/pack/Keil.STM32H7xx_DFP.3.0.0.pack
                Keil.STM32H7xx_DFP.3.0.0
                STMicroelectronics STM32H7 Series Device Support and Examples

<h2>Collection of Component include folders:</h2>
  .\RTE\_CODE
  D:\keilpacks\ARM\CMSIS\5.8.0\CMSIS\Core\Include
  D:\keilpacks\Keil\STM32H7xx_DFP\3.0.0\Drivers\CMSIS\Device\ST\STM32H7xx\Include

<h2>Collection of Component Files used:</h2>

   * Component: ARM::CMSIS:CORE:5.5.0
Build Time Elapsed:  00:00:09
</pre>
</body>
</html>
