<html>
<body>
<pre>
<h1>�Vision Build Log</h1>
<h2>Tool Versions:</h2>
IDE-Version: ��Vision V5.36.0.0
Copyright (C) 2021 ARM Ltd and ARM Germany GmbH. All rights reserved.
License Information: w hqwdc, w, LIC=585FJ-UQ819-74TS0-B1X5Q-UTX5Q-XS300
 
Tool Versions:
Toolchain:       MDK-ARM Plus  Version: 5.36.0.0
Toolchain Path:  D:\MDK5\ARM\ARMCC\Bin
C Compiler:      Armcc.exe V5.06 update 7 (build 960)
Assembler:       Armasm.exe V5.06 update 7 (build 960)
Linker/Locator:  ArmLink.exe V5.06 update 7 (build 960)
Library Manager: ArmAr.exe V5.06 update 7 (build 960)
Hex Converter:   FromElf.exe V5.06 update 7 (build 960)
CPU DLL:         SARMCM3.DLL V5.36.0.0
Dialog DLL:      DCM.DLL V1.17.3.0
Target DLL:      Segger\JL2CM3.dll V2.99.40.0
Dialog DLL:      TCM.DLL V1.53.0.0
 
<h2>Project:</h2>
E:\HQ\SVNdtata\wangdongchuan\IntelligentPos\CODE\MDK-ARM\CODE.uvprojx
Project File Date:  07/02/2025

<h2>Output:</h2>
*** Using Compiler 'V5.06 update 7 (build 960)', folder: 'D:\MDK5\ARM\ARMCC\Bin'
Build target 'CODE'
assembling startup_stm32h750xx.s...
compiling fmc.c...
compiling ltdc.c...
compiling dma2d.c...
compiling gpio.c...
compiling fdcan.c...
compiling main.c...
compiling rtc.c...
compiling spi.c...
compiling tim.c...
compiling stm32h7xx_it.c...
compiling usart.c...
compiling stm32h7xx_hal_msp.c...
compiling stm32h7xx_hal_cortex.c...
compiling stm32h7xx_hal_dma2d.c...
compiling stm32h7xx_hal_flash.c...
compiling stm32h7xx_hal_flash_ex.c...
compiling stm32h7xx_hal_rcc.c...
compiling stm32h7xx_hal_gpio.c...
compiling stm32h7xx_hal_hsem.c...
compiling stm32h7xx_hal_rcc_ex.c...
compiling stm32h7xx_hal_pwr.c...
compiling stm32h7xx_hal_dma_ex.c...
compiling stm32h7xx_hal_mdma.c...
compiling stm32h7xx_hal_pwr_ex.c...
compiling stm32h7xx_hal.c...
compiling stm32h7xx_hal_dma.c...
compiling stm32h7xx_hal_i2c_ex.c...
compiling stm32h7xx_hal_exti.c...
compiling stm32h7xx_ll_fmc.c...
compiling stm32h7xx_hal_sdram.c...
compiling stm32h7xx_hal_i2c.c...
compiling stm32h7xx_hal_ltdc.c...
compiling stm32h7xx_hal_ltdc_ex.c...
compiling stm32h7xx_hal_fdcan.c...
compiling stm32h7xx_hal_rtc.c...
compiling stm32h7xx_hal_rtc_ex.c...
compiling stm32h7xx_hal_spi_ex.c...
compiling stm32h7xx_hal_spi.c...
compiling stm32h7xx_hal_tim_ex.c...
compiling stm32h7xx_hal_uart_ex.c...
compiling system_stm32h7xx.c...
compiling bsp_lcd.c...
compiling stm32h7xx_hal_uart.c...
compiling bsp_touch.c...
compiling stm32h7xx_hal_tim.c...
compiling bsp_ad7843.c...
compiling bsp_mx25l_spi.c...
compiling bsp_sdram.c...
compiling bsp_uart.c...
..\User\bsp\bsp_uart.c(65): warning:  #940-D: missing return statement at end of non-void function "UART5_SendData" 
  }
..\User\bsp\bsp_uart.c: 1 warning, 0 errors
compiling bsp_encoder.c...
compiling bsp_rtc.c...
compiling bsp_iic.c...
compiling bsp_gt911.c...
compiling app_queue.c...
compiling bsp_dcan.c...
compiling app_balanceRoll_code.c...
compiling app_sdo.c...
compiling app_DischargeSystem.c...
compiling app_DischargeGUI_config.c...
compiling app_HqServoProtocol.c...
compiling ui_my_deal.c...
compiling ui_my_config.c...
compiling ui_my_mode1.c...
..\Middlewares\LVGL\MY_GUI\ui_my_mode1.c(11): warning:  #870-D: invalid multibyte character sequence
  const char * txtUROLL[]={"上放�? ","UNLOAD UP"};
..\Middlewares\LVGL\MY_GUI\ui_my_mode1.c(12): warning:  #870-D: invalid multibyte character sequence
  const char * txtDROLL[]={"下放�? ","UNLOAD DOWN"};
..\Middlewares\LVGL\MY_GUI\ui_my_mode1.c: 2 warnings, 0 errors
compiling ui_my_MAIN.c...
..\Middlewares\LVGL\MY_GUI\ui_my_MAIN.c(23): warning:  #870-D: invalid multibyte character sequence
  const char * Encode_lin[]={"编码器掉�? ",  "Encoder_Offline "}; 
..\Middlewares\LVGL\MY_GUI\ui_my_MAIN.c(29): warning:  #870-D: invalid multibyte character sequence
  const char * txtUStop[]  ={"停止上放�? ","UP_STOP"};
..\Middlewares\LVGL\MY_GUI\ui_my_MAIN.c(30): warning:  #870-D: invalid multibyte character sequence
  const char * txtUStart[] ={"启动上放�? ","UP_START"};  
..\Middlewares\LVGL\MY_GUI\ui_my_MAIN.c(31): warning:  #870-D: invalid multibyte character sequence
  const char * txtStop[]   ={"停止下放�? ","DN_STOP"};
..\Middlewares\LVGL\MY_GUI\ui_my_MAIN.c(32): warning:  #870-D: invalid multibyte character sequence
  const char * txtStart[]  ={"启动下放�? ","DN_START"};
..\Middlewares\LVGL\MY_GUI\ui_my_MAIN.c(36): warning:  #870-D: invalid multibyte character sequence
  const char * txtUstateTag[]={"上放料故�? ",   "UP_UNRL_FLT"};
..\Middlewares\LVGL\MY_GUI\ui_my_MAIN.c(37): warning:  #870-D: invalid multibyte character sequence
  const char * txtDstateTag[]={"下放料故�? ",   "DN_UNRL_FLT"};
..\Middlewares\LVGL\MY_GUI\ui_my_MAIN.c(40): warning:  #870-D: invalid multibyte character sequence
  const char * txtDSingunreeling[]={"放料�? ", "UNRL_RUNING"};
..\Middlewares\LVGL\MY_GUI\ui_my_MAIN.c(41): warning:  #870-D: invalid multibyte character sequence
  const char * txtmotorEnabled[]={"电机已使�? ",  "MTR_Enabled"};
..\Middlewares\LVGL\MY_GUI\ui_my_MAIN.c(42): warning:  #870-D: invalid multibyte character sequence
  const char * txtUunreeling[]={"上卷放料�? ", "UP_UNRL_RUNING"};
..\Middlewares\LVGL\MY_GUI\ui_my_MAIN.c(43): warning:  #870-D: invalid multibyte character sequence
  const char * txtDunreeling[]= {"下卷放料�? ","DN_UNRL_RUNING"};
..\Middlewares\LVGL\MY_GUI\ui_my_MAIN.c(44): warning:  #870-D: invalid multibyte character sequence
  const char * txtmotorReleased[]= {"电机已释�? ","MTR_Released"};
..\Middlewares\LVGL\MY_GUI\ui_my_MAIN.c(48): warning:  #870-D: invalid multibyte character sequence
  const char * txtENCsta[]={"编码�? ","Encode"};
..\Middlewares\LVGL\MY_GUI\ui_my_MAIN.c(49): warning:  #870-D: invalid multibyte character sequence
  const char * txtURoll[] ={"上卷�? ","UP-ROL"};
..\Middlewares\LVGL\MY_GUI\ui_my_MAIN.c(50): warning:  #870-D: invalid multibyte character sequence
  const char * txtDRoll[] ={"下卷�? ","DWN-ROL"};
..\Middlewares\LVGL\MY_GUI\ui_my_MAIN.c(52): warning:  #870-D: invalid multibyte character sequence
  const char * txtMODE_0[]={"主动放料系统(双放料模�?) ",\
..\Middlewares\LVGL\MY_GUI\ui_my_MAIN.c(54): warning:  #870-D: invalid multibyte character sequence
  const char * txtMODE_1[]={"主动放料系统(单放料模�?) ",\
..\Middlewares\LVGL\MY_GUI\ui_my_MAIN.c: 17 warnings, 0 errors
linking...
Program Size: Code=216928 RO-data=100640 RW-data=1692 ZI-data=582388  
FromELF: creating hex file...
After Build - User command #1: fromelf --bin -o "E:\HQ\SVNdtata\wangdongchuan\IntelligentPos\CODE\MDK-ARM\CODE\CODE.bin" "E:\HQ\SVNdtata\wangdongchuan\IntelligentPos\CODE\MDK-ARM\CODE\CODE.axf"
".\CODE\CODE.axf" - 0 Error(s), 20 Warning(s).

<h2>Software Packages used:</h2>

Package Vendor: ARM
                http://www.keil.com/pack/ARM.CMSIS.5.8.0.pack
                ARM.CMSIS.5.8.0
                CMSIS (Common Microcontroller Software Interface Standard)
   * Component: CORE Version: 5.5.0

Package Vendor: Keil
                http://www.keil.com/pack/Keil.STM32H7xx_DFP.3.0.0.pack
                Keil.STM32H7xx_DFP.3.0.0
                STMicroelectronics STM32H7 Series Device Support and Examples

<h2>Collection of Component include folders:</h2>
  .\RTE\_CODE
  D:\keilpacks\ARM\CMSIS\5.8.0\CMSIS\Core\Include
  D:\keilpacks\Keil\STM32H7xx_DFP\3.0.0\Drivers\CMSIS\Device\ST\STM32H7xx\Include

<h2>Collection of Component Files used:</h2>

   * Component: ARM::CMSIS:CORE:5.5.0
Build Time Elapsed:  00:00:17
</pre>
</body>
</html>
